Archive member included to satisfy reference by file (symbol)

d:/programs/atmel/7.0/toolchain/avr8/avr8-gnu-toolchain/bin/../lib/gcc/avr/5.4.0/avr5\libgcc.a(_udivmodqi4.o)
                              nokia5110.o (__udivmodqi4)
d:/programs/atmel/7.0/toolchain/avr8/avr8-gnu-toolchain/bin/../lib/gcc/avr/5.4.0/avr5\libgcc.a(_exit.o)
                              D:/Programs/ATMEL/7.0/Packs/atmel/ATmega_DFP/1.2.150/gcc/dev/atmega16a/avr5/crtatmega16a.o (exit)
d:/programs/atmel/7.0/toolchain/avr8/avr8-gnu-toolchain/bin/../lib/gcc/avr/5.4.0/avr5\libgcc.a(_copy_data.o)
                              main.o (__do_copy_data)
d:/programs/atmel/7.0/toolchain/avr8/avr8-gnu-toolchain/bin/../lib/gcc/avr/5.4.0/avr5\libgcc.a(_clear_bss.o)
                              main.o (__do_clear_bss)
d:/programs/atmel/7.0/toolchain/avr8/avr8-gnu-toolchain/bin/../lib/gcc/avr/5.4.0/../../../../avr/lib/avr5\libc.a(itoa.o)
                              main.o (itoa)
d:/programs/atmel/7.0/toolchain/avr8/avr8-gnu-toolchain/bin/../lib/gcc/avr/5.4.0/../../../../avr/lib/avr5\libc.a(itoa_ncheck.o)
                              d:/programs/atmel/7.0/toolchain/avr8/avr8-gnu-toolchain/bin/../lib/gcc/avr/5.4.0/../../../../avr/lib/avr5\libc.a(itoa.o) (__itoa_ncheck)
d:/programs/atmel/7.0/toolchain/avr8/avr8-gnu-toolchain/bin/../lib/gcc/avr/5.4.0/../../../../avr/lib/avr5\libc.a(utoa_ncheck.o)
                              d:/programs/atmel/7.0/toolchain/avr8/avr8-gnu-toolchain/bin/../lib/gcc/avr/5.4.0/../../../../avr/lib/avr5\libc.a(itoa_ncheck.o) (__utoa_common)
d:/programs/atmel/7.0/toolchain/avr8/avr8-gnu-toolchain/bin/../lib/gcc/avr/5.4.0/../../../../avr/lib/avr5\libc.a(strrev.o)
                              d:/programs/atmel/7.0/toolchain/avr8/avr8-gnu-toolchain/bin/../lib/gcc/avr/5.4.0/../../../../avr/lib/avr5\libc.a(utoa_ncheck.o) (strrev)

Allocating common symbols
Common symbol       size              file

tot_overflow        0x1               main.o

Discarded input sections

 .data          0x00000000        0x0 D:/Programs/ATMEL/7.0/Packs/atmel/ATmega_DFP/1.2.150/gcc/dev/atmega16a/avr5/crtatmega16a.o
 .bss           0x00000000        0x0 D:/Programs/ATMEL/7.0/Packs/atmel/ATmega_DFP/1.2.150/gcc/dev/atmega16a/avr5/crtatmega16a.o
 .text          0x00000000        0x0 main.o
 .data          0x00000000        0x0 main.o
 .bss           0x00000000        0x0 main.o
 .text.hours_clear_arrow
                0x00000000       0xf6 main.o
 .text          0x00000000        0x0 nokia5110.o
 .data          0x00000000        0x0 nokia5110.o
 .bss           0x00000000        0x0 nokia5110.o
 .text.nokia_lcd_power
                0x00000000       0x10 nokia5110.o
 .text          0x00000000        0x0 d:/programs/atmel/7.0/toolchain/avr8/avr8-gnu-toolchain/bin/../lib/gcc/avr/5.4.0/avr5\libgcc.a(_udivmodqi4.o)
 .data          0x00000000        0x0 d:/programs/atmel/7.0/toolchain/avr8/avr8-gnu-toolchain/bin/../lib/gcc/avr/5.4.0/avr5\libgcc.a(_udivmodqi4.o)
 .bss           0x00000000        0x0 d:/programs/atmel/7.0/toolchain/avr8/avr8-gnu-toolchain/bin/../lib/gcc/avr/5.4.0/avr5\libgcc.a(_udivmodqi4.o)
 .text.libgcc.mul
                0x00000000        0x0 d:/programs/atmel/7.0/toolchain/avr8/avr8-gnu-toolchain/bin/../lib/gcc/avr/5.4.0/avr5\libgcc.a(_udivmodqi4.o)
 .text.libgcc   0x00000000        0x0 d:/programs/atmel/7.0/toolchain/avr8/avr8-gnu-toolchain/bin/../lib/gcc/avr/5.4.0/avr5\libgcc.a(_udivmodqi4.o)
 .text.libgcc.prologue
                0x00000000        0x0 d:/programs/atmel/7.0/toolchain/avr8/avr8-gnu-toolchain/bin/../lib/gcc/avr/5.4.0/avr5\libgcc.a(_udivmodqi4.o)
 .text.libgcc.builtins
                0x00000000        0x0 d:/programs/atmel/7.0/toolchain/avr8/avr8-gnu-toolchain/bin/../lib/gcc/avr/5.4.0/avr5\libgcc.a(_udivmodqi4.o)
 .text.libgcc.fmul
                0x00000000        0x0 d:/programs/atmel/7.0/toolchain/avr8/avr8-gnu-toolchain/bin/../lib/gcc/avr/5.4.0/avr5\libgcc.a(_udivmodqi4.o)
 .text.libgcc.fixed
                0x00000000        0x0 d:/programs/atmel/7.0/toolchain/avr8/avr8-gnu-toolchain/bin/../lib/gcc/avr/5.4.0/avr5\libgcc.a(_udivmodqi4.o)
 .text          0x00000000        0x0 d:/programs/atmel/7.0/toolchain/avr8/avr8-gnu-toolchain/bin/../lib/gcc/avr/5.4.0/avr5\libgcc.a(_exit.o)
 .data          0x00000000        0x0 d:/programs/atmel/7.0/toolchain/avr8/avr8-gnu-toolchain/bin/../lib/gcc/avr/5.4.0/avr5\libgcc.a(_exit.o)
 .bss           0x00000000        0x0 d:/programs/atmel/7.0/toolchain/avr8/avr8-gnu-toolchain/bin/../lib/gcc/avr/5.4.0/avr5\libgcc.a(_exit.o)
 .text.libgcc.mul
                0x00000000        0x0 d:/programs/atmel/7.0/toolchain/avr8/avr8-gnu-toolchain/bin/../lib/gcc/avr/5.4.0/avr5\libgcc.a(_exit.o)
 .text.libgcc.div
                0x00000000        0x0 d:/programs/atmel/7.0/toolchain/avr8/avr8-gnu-toolchain/bin/../lib/gcc/avr/5.4.0/avr5\libgcc.a(_exit.o)
 .text.libgcc   0x00000000        0x0 d:/programs/atmel/7.0/toolchain/avr8/avr8-gnu-toolchain/bin/../lib/gcc/avr/5.4.0/avr5\libgcc.a(_exit.o)
 .text.libgcc.prologue
                0x00000000        0x0 d:/programs/atmel/7.0/toolchain/avr8/avr8-gnu-toolchain/bin/../lib/gcc/avr/5.4.0/avr5\libgcc.a(_exit.o)
 .text.libgcc.builtins
                0x00000000        0x0 d:/programs/atmel/7.0/toolchain/avr8/avr8-gnu-toolchain/bin/../lib/gcc/avr/5.4.0/avr5\libgcc.a(_exit.o)
 .text.libgcc.fmul
                0x00000000        0x0 d:/programs/atmel/7.0/toolchain/avr8/avr8-gnu-toolchain/bin/../lib/gcc/avr/5.4.0/avr5\libgcc.a(_exit.o)
 .text.libgcc.fixed
                0x00000000        0x0 d:/programs/atmel/7.0/toolchain/avr8/avr8-gnu-toolchain/bin/../lib/gcc/avr/5.4.0/avr5\libgcc.a(_exit.o)
 .text          0x00000000        0x0 d:/programs/atmel/7.0/toolchain/avr8/avr8-gnu-toolchain/bin/../lib/gcc/avr/5.4.0/avr5\libgcc.a(_copy_data.o)
 .data          0x00000000        0x0 d:/programs/atmel/7.0/toolchain/avr8/avr8-gnu-toolchain/bin/../lib/gcc/avr/5.4.0/avr5\libgcc.a(_copy_data.o)
 .bss           0x00000000        0x0 d:/programs/atmel/7.0/toolchain/avr8/avr8-gnu-toolchain/bin/../lib/gcc/avr/5.4.0/avr5\libgcc.a(_copy_data.o)
 .text.libgcc.mul
                0x00000000        0x0 d:/programs/atmel/7.0/toolchain/avr8/avr8-gnu-toolchain/bin/../lib/gcc/avr/5.4.0/avr5\libgcc.a(_copy_data.o)
 .text.libgcc.div
                0x00000000        0x0 d:/programs/atmel/7.0/toolchain/avr8/avr8-gnu-toolchain/bin/../lib/gcc/avr/5.4.0/avr5\libgcc.a(_copy_data.o)
 .text.libgcc   0x00000000        0x0 d:/programs/atmel/7.0/toolchain/avr8/avr8-gnu-toolchain/bin/../lib/gcc/avr/5.4.0/avr5\libgcc.a(_copy_data.o)
 .text.libgcc.prologue
                0x00000000        0x0 d:/programs/atmel/7.0/toolchain/avr8/avr8-gnu-toolchain/bin/../lib/gcc/avr/5.4.0/avr5\libgcc.a(_copy_data.o)
 .text.libgcc.builtins
                0x00000000        0x0 d:/programs/atmel/7.0/toolchain/avr8/avr8-gnu-toolchain/bin/../lib/gcc/avr/5.4.0/avr5\libgcc.a(_copy_data.o)
 .text.libgcc.fmul
                0x00000000        0x0 d:/programs/atmel/7.0/toolchain/avr8/avr8-gnu-toolchain/bin/../lib/gcc/avr/5.4.0/avr5\libgcc.a(_copy_data.o)
 .text.libgcc.fixed
                0x00000000        0x0 d:/programs/atmel/7.0/toolchain/avr8/avr8-gnu-toolchain/bin/../lib/gcc/avr/5.4.0/avr5\libgcc.a(_copy_data.o)
 .text          0x00000000        0x0 d:/programs/atmel/7.0/toolchain/avr8/avr8-gnu-toolchain/bin/../lib/gcc/avr/5.4.0/avr5\libgcc.a(_clear_bss.o)
 .data          0x00000000        0x0 d:/programs/atmel/7.0/toolchain/avr8/avr8-gnu-toolchain/bin/../lib/gcc/avr/5.4.0/avr5\libgcc.a(_clear_bss.o)
 .bss           0x00000000        0x0 d:/programs/atmel/7.0/toolchain/avr8/avr8-gnu-toolchain/bin/../lib/gcc/avr/5.4.0/avr5\libgcc.a(_clear_bss.o)
 .text.libgcc.mul
                0x00000000        0x0 d:/programs/atmel/7.0/toolchain/avr8/avr8-gnu-toolchain/bin/../lib/gcc/avr/5.4.0/avr5\libgcc.a(_clear_bss.o)
 .text.libgcc.div
                0x00000000        0x0 d:/programs/atmel/7.0/toolchain/avr8/avr8-gnu-toolchain/bin/../lib/gcc/avr/5.4.0/avr5\libgcc.a(_clear_bss.o)
 .text.libgcc   0x00000000        0x0 d:/programs/atmel/7.0/toolchain/avr8/avr8-gnu-toolchain/bin/../lib/gcc/avr/5.4.0/avr5\libgcc.a(_clear_bss.o)
 .text.libgcc.prologue
                0x00000000        0x0 d:/programs/atmel/7.0/toolchain/avr8/avr8-gnu-toolchain/bin/../lib/gcc/avr/5.4.0/avr5\libgcc.a(_clear_bss.o)
 .text.libgcc.builtins
                0x00000000        0x0 d:/programs/atmel/7.0/toolchain/avr8/avr8-gnu-toolchain/bin/../lib/gcc/avr/5.4.0/avr5\libgcc.a(_clear_bss.o)
 .text.libgcc.fmul
                0x00000000        0x0 d:/programs/atmel/7.0/toolchain/avr8/avr8-gnu-toolchain/bin/../lib/gcc/avr/5.4.0/avr5\libgcc.a(_clear_bss.o)
 .text.libgcc.fixed
                0x00000000        0x0 d:/programs/atmel/7.0/toolchain/avr8/avr8-gnu-toolchain/bin/../lib/gcc/avr/5.4.0/avr5\libgcc.a(_clear_bss.o)
 .text          0x00000000        0x0 d:/programs/atmel/7.0/toolchain/avr8/avr8-gnu-toolchain/bin/../lib/gcc/avr/5.4.0/../../../../avr/lib/avr5\libc.a(itoa.o)
 .data          0x00000000        0x0 d:/programs/atmel/7.0/toolchain/avr8/avr8-gnu-toolchain/bin/../lib/gcc/avr/5.4.0/../../../../avr/lib/avr5\libc.a(itoa.o)
 .bss           0x00000000        0x0 d:/programs/atmel/7.0/toolchain/avr8/avr8-gnu-toolchain/bin/../lib/gcc/avr/5.4.0/../../../../avr/lib/avr5\libc.a(itoa.o)
 .text          0x00000000        0x0 d:/programs/atmel/7.0/toolchain/avr8/avr8-gnu-toolchain/bin/../lib/gcc/avr/5.4.0/../../../../avr/lib/avr5\libc.a(itoa_ncheck.o)
 .data          0x00000000        0x0 d:/programs/atmel/7.0/toolchain/avr8/avr8-gnu-toolchain/bin/../lib/gcc/avr/5.4.0/../../../../avr/lib/avr5\libc.a(itoa_ncheck.o)
 .bss           0x00000000        0x0 d:/programs/atmel/7.0/toolchain/avr8/avr8-gnu-toolchain/bin/../lib/gcc/avr/5.4.0/../../../../avr/lib/avr5\libc.a(itoa_ncheck.o)
 .text          0x00000000        0x0 d:/programs/atmel/7.0/toolchain/avr8/avr8-gnu-toolchain/bin/../lib/gcc/avr/5.4.0/../../../../avr/lib/avr5\libc.a(utoa_ncheck.o)
 .data          0x00000000        0x0 d:/programs/atmel/7.0/toolchain/avr8/avr8-gnu-toolchain/bin/../lib/gcc/avr/5.4.0/../../../../avr/lib/avr5\libc.a(utoa_ncheck.o)
 .bss           0x00000000        0x0 d:/programs/atmel/7.0/toolchain/avr8/avr8-gnu-toolchain/bin/../lib/gcc/avr/5.4.0/../../../../avr/lib/avr5\libc.a(utoa_ncheck.o)
 .text          0x00000000        0x0 d:/programs/atmel/7.0/toolchain/avr8/avr8-gnu-toolchain/bin/../lib/gcc/avr/5.4.0/../../../../avr/lib/avr5\libc.a(strrev.o)
 .data          0x00000000        0x0 d:/programs/atmel/7.0/toolchain/avr8/avr8-gnu-toolchain/bin/../lib/gcc/avr/5.4.0/../../../../avr/lib/avr5\libc.a(strrev.o)
 .bss           0x00000000        0x0 d:/programs/atmel/7.0/toolchain/avr8/avr8-gnu-toolchain/bin/../lib/gcc/avr/5.4.0/../../../../avr/lib/avr5\libc.a(strrev.o)

Memory Configuration

Name             Origin             Length             Attributes
text             0x00000000         0x00020000         xr
data             0x00800060         0x0000ffa0         rw !x
eeprom           0x00810000         0x00010000         rw !x
fuse             0x00820000         0x00000002         rw !x
lock             0x00830000         0x00000400         rw !x
signature        0x00840000         0x00000400         rw !x
user_signatures  0x00850000         0x00000400         rw !x
*default*        0x00000000         0xffffffff

Linker script and memory map

LOAD D:/Programs/ATMEL/7.0/Packs/atmel/ATmega_DFP/1.2.150/gcc/dev/atmega16a/avr5/crtatmega16a.o
LOAD main.o
LOAD nokia5110.o
START GROUP
LOAD d:/programs/atmel/7.0/toolchain/avr8/avr8-gnu-toolchain/bin/../lib/gcc/avr/5.4.0/../../../../avr/lib/avr5\libm.a
END GROUP
START GROUP
LOAD d:/programs/atmel/7.0/toolchain/avr8/avr8-gnu-toolchain/bin/../lib/gcc/avr/5.4.0/avr5\libgcc.a
LOAD d:/programs/atmel/7.0/toolchain/avr8/avr8-gnu-toolchain/bin/../lib/gcc/avr/5.4.0/../../../../avr/lib/avr5\libm.a
LOAD d:/programs/atmel/7.0/toolchain/avr8/avr8-gnu-toolchain/bin/../lib/gcc/avr/5.4.0/../../../../avr/lib/avr5\libc.a
LOAD D:/Programs/ATMEL/7.0/Packs/atmel/ATmega_DFP/1.2.150/gcc/dev/atmega16a/avr5\libatmega16a.a
END GROUP
                0x00020000                __TEXT_REGION_LENGTH__ = DEFINED (__TEXT_REGION_LENGTH__)?__TEXT_REGION_LENGTH__:0x20000
                0x0000ffa0                __DATA_REGION_LENGTH__ = DEFINED (__DATA_REGION_LENGTH__)?__DATA_REGION_LENGTH__:0xffa0
                0x00010000                __EEPROM_REGION_LENGTH__ = DEFINED (__EEPROM_REGION_LENGTH__)?__EEPROM_REGION_LENGTH__:0x10000
                [0x00000002]                __FUSE_REGION_LENGTH__ = DEFINED (__FUSE_REGION_LENGTH__)?__FUSE_REGION_LENGTH__:0x400
                0x00000400                __LOCK_REGION_LENGTH__ = DEFINED (__LOCK_REGION_LENGTH__)?__LOCK_REGION_LENGTH__:0x400
                0x00000400                __SIGNATURE_REGION_LENGTH__ = DEFINED (__SIGNATURE_REGION_LENGTH__)?__SIGNATURE_REGION_LENGTH__:0x400
                0x00000400                __USER_SIGNATURE_REGION_LENGTH__ = DEFINED (__USER_SIGNATURE_REGION_LENGTH__)?__USER_SIGNATURE_REGION_LENGTH__:0x400

.hash
 *(.hash)

.dynsym
 *(.dynsym)

.dynstr
 *(.dynstr)

.gnu.version
 *(.gnu.version)

.gnu.version_d
 *(.gnu.version_d)

.gnu.version_r
 *(.gnu.version_r)

.rel.init
 *(.rel.init)

.rela.init
 *(.rela.init)

.rel.text
 *(.rel.text)
 *(.rel.text.*)
 *(.rel.gnu.linkonce.t*)

.rela.text
 *(.rela.text)
 *(.rela.text.*)
 *(.rela.gnu.linkonce.t*)

.rel.fini
 *(.rel.fini)

.rela.fini
 *(.rela.fini)

.rel.rodata
 *(.rel.rodata)
 *(.rel.rodata.*)
 *(.rel.gnu.linkonce.r*)

.rela.rodata
 *(.rela.rodata)
 *(.rela.rodata.*)
 *(.rela.gnu.linkonce.r*)

.rel.data
 *(.rel.data)
 *(.rel.data.*)
 *(.rel.gnu.linkonce.d*)

.rela.data
 *(.rela.data)
 *(.rela.data.*)
 *(.rela.gnu.linkonce.d*)

.rel.ctors
 *(.rel.ctors)

.rela.ctors
 *(.rela.ctors)

.rel.dtors
 *(.rel.dtors)

.rela.dtors
 *(.rela.dtors)

.rel.got
 *(.rel.got)

.rela.got
 *(.rela.got)

.rel.bss
 *(.rel.bss)

.rela.bss
 *(.rela.bss)

.rel.plt
 *(.rel.plt)

.rela.plt
 *(.rela.plt)

.text           0x00000000     0x237c
 *(.vectors)
 .vectors       0x00000000       0x54 D:/Programs/ATMEL/7.0/Packs/atmel/ATmega_DFP/1.2.150/gcc/dev/atmega16a/avr5/crtatmega16a.o
                0x00000000                __vector_default
                0x00000000                __vectors
 *(.vectors)
 *(.progmem.gcc*)
                0x00000054                . = ALIGN (0x2)
                0x00000054                __trampolines_start = .
 *(.trampolines)
 .trampolines   0x00000054        0x0 linker stubs
 *(.trampolines*)
                0x00000054                __trampolines_end = .
 *libprintf_flt.a:*(.progmem.data)
 *libc.a:*(.progmem.data)
 *(.progmem*)
 .progmem.data.CHARSET
                0x00000054      0x1e0 nokia5110.o
                0x00000054                CHARSET
                0x00000234                . = ALIGN (0x2)
 *(.jumptables)
 *(.jumptables*)
 *(.lowtext)
 *(.lowtext*)
                0x00000234                __ctors_start = .
 *(.ctors)
                0x00000234                __ctors_end = .
                0x00000234                __dtors_start = .
 *(.dtors)
                0x00000234                __dtors_end = .
 SORT(*)(.ctors)
 SORT(*)(.dtors)
 *(.init0)
 .init0         0x00000234        0x0 D:/Programs/ATMEL/7.0/Packs/atmel/ATmega_DFP/1.2.150/gcc/dev/atmega16a/avr5/crtatmega16a.o
                0x00000234                __init
 *(.init0)
 *(.init1)
 *(.init1)
 *(.init2)
 .init2         0x00000234        0xc D:/Programs/ATMEL/7.0/Packs/atmel/ATmega_DFP/1.2.150/gcc/dev/atmega16a/avr5/crtatmega16a.o
 *(.init2)
 *(.init3)
 *(.init3)
 *(.init4)
 .init4         0x00000240       0x16 d:/programs/atmel/7.0/toolchain/avr8/avr8-gnu-toolchain/bin/../lib/gcc/avr/5.4.0/avr5\libgcc.a(_copy_data.o)
                0x00000240                __do_copy_data
 .init4         0x00000256       0x10 d:/programs/atmel/7.0/toolchain/avr8/avr8-gnu-toolchain/bin/../lib/gcc/avr/5.4.0/avr5\libgcc.a(_clear_bss.o)
                0x00000256                __do_clear_bss
 *(.init4)
 *(.init5)
 *(.init5)
 *(.init6)
 *(.init6)
 *(.init7)
 *(.init7)
 *(.init8)
 *(.init8)
 *(.init9)
 .init9         0x00000266        0x8 D:/Programs/ATMEL/7.0/Packs/atmel/ATmega_DFP/1.2.150/gcc/dev/atmega16a/avr5/crtatmega16a.o
 *(.init9)
 *(.text)
 .text          0x0000026e        0x4 D:/Programs/ATMEL/7.0/Packs/atmel/ATmega_DFP/1.2.150/gcc/dev/atmega16a/avr5/crtatmega16a.o
                0x0000026e                __vector_1
                0x0000026e                __vector_12
                0x0000026e                __bad_interrupt
                0x0000026e                __vector_6
                0x0000026e                __vector_3
                0x0000026e                __vector_11
                0x0000026e                __vector_13
                0x0000026e                __vector_17
                0x0000026e                __vector_19
                0x0000026e                __vector_7
                0x0000026e                __vector_5
                0x0000026e                __vector_4
                0x0000026e                __vector_9
                0x0000026e                __vector_2
                0x0000026e                __vector_15
                0x0000026e                __vector_14
                0x0000026e                __vector_10
                0x0000026e                __vector_16
                0x0000026e                __vector_18
                0x0000026e                __vector_20
                0x00000272                . = ALIGN (0x2)
 *(.text.*)
 .text.__vector_8
                0x00000272       0x2e main.o
                0x00000272                __vector_8
 .text.timerdeclarations
                0x000002a0       0x16 main.o
                0x000002a0                timerdeclarations
 .text.intro    0x000002b6       0x82 main.o
                0x000002b6                intro
 .text.roll     0x00000338       0xcc main.o
                0x00000338                roll
 .text.hours_clear
                0x00000404      0x6b4 main.o
                0x00000404                hours_clear
 .text.hours_switch
                0x00000ab8       0xac main.o
                0x00000ab8                hours_switch
 .text.min_clear
                0x00000b64      0x70e main.o
                0x00000b64                min_clear
 .text.sec_clear
                0x00001272      0x6b4 main.o
                0x00001272                sec_clear
 .text.reverse_timer
                0x00001926      0x22a main.o
                0x00001926                reverse_timer
 .text.on_off   0x00001b50       0x4e main.o
                0x00001b50                on_off
 .text.sec_clear_arrow
                0x00001b9e       0xf6 main.o
                0x00001b9e                sec_clear_arrow
 .text.sec_switch
                0x00001c94       0xb8 main.o
                0x00001c94                sec_switch
 .text.min_clear_arrow
                0x00001d4c       0xf6 main.o
                0x00001d4c                min_clear_arrow
 .text.min_switch
                0x00001e42       0xb8 main.o
                0x00001e42                min_switch
 .text.main     0x00001efa       0xe4 main.o
                0x00001efa                main
 .text.write    0x00001fde       0x3c nokia5110.o
 .text.write_cmd
                0x0000201a        0x8 nokia5110.o
 .text.nokia_lcd_init
                0x00002022       0x82 nokia5110.o
                0x00002022                nokia_lcd_init
 .text.nokia_lcd_clear
                0x000020a4       0x26 nokia5110.o
                0x000020a4                nokia_lcd_clear
 .text.nokia_lcd_set_pixel
                0x000020ca       0x56 nokia5110.o
                0x000020ca                nokia_lcd_set_pixel
 .text.nokia_lcd_write_char
                0x00002120      0x15c nokia5110.o
                0x00002120                nokia_lcd_write_char
 .text.nokia_lcd_write_string
                0x0000227c       0x26 nokia5110.o
                0x0000227c                nokia_lcd_write_string
 .text.nokia_lcd_set_cursor
                0x000022a2        0xa nokia5110.o
                0x000022a2                nokia_lcd_set_cursor
 .text.nokia_lcd_render
                0x000022ac       0x34 nokia5110.o
                0x000022ac                nokia_lcd_render
 .text.libgcc.div
                0x000022e0       0x18 d:/programs/atmel/7.0/toolchain/avr8/avr8-gnu-toolchain/bin/../lib/gcc/avr/5.4.0/avr5\libgcc.a(_udivmodqi4.o)
                0x000022e0                __udivmodqi4
 .text.avr-libc
                0x000022f8       0x16 d:/programs/atmel/7.0/toolchain/avr8/avr8-gnu-toolchain/bin/../lib/gcc/avr/5.4.0/../../../../avr/lib/avr5\libc.a(itoa.o)
                0x000022f8                __itoa
                0x000022f8                itoa
 .text.avr-libc
                0x0000230e       0x16 d:/programs/atmel/7.0/toolchain/avr8/avr8-gnu-toolchain/bin/../lib/gcc/avr/5.4.0/../../../../avr/lib/avr5\libc.a(itoa_ncheck.o)
                0x0000230e                __itoa_ncheck
 .text.avr-libc
                0x00002324       0x34 d:/programs/atmel/7.0/toolchain/avr8/avr8-gnu-toolchain/bin/../lib/gcc/avr/5.4.0/../../../../avr/lib/avr5\libc.a(utoa_ncheck.o)
                0x00002324                __utoa_ncheck
                0x00002326                __utoa_common
 .text.avr-libc
                0x00002358       0x20 d:/programs/atmel/7.0/toolchain/avr8/avr8-gnu-toolchain/bin/../lib/gcc/avr/5.4.0/../../../../avr/lib/avr5\libc.a(strrev.o)
                0x00002358                strrev
                0x00002378                . = ALIGN (0x2)
 *(.fini9)
 .fini9         0x00002378        0x0 d:/programs/atmel/7.0/toolchain/avr8/avr8-gnu-toolchain/bin/../lib/gcc/avr/5.4.0/avr5\libgcc.a(_exit.o)
                0x00002378                _exit
                0x00002378                exit
 *(.fini9)
 *(.fini8)
 *(.fini8)
 *(.fini7)
 *(.fini7)
 *(.fini6)
 *(.fini6)
 *(.fini5)
 *(.fini5)
 *(.fini4)
 *(.fini4)
 *(.fini3)
 *(.fini3)
 *(.fini2)
 *(.fini2)
 *(.fini1)
 *(.fini1)
 *(.fini0)
 .fini0         0x00002378        0x4 d:/programs/atmel/7.0/toolchain/avr8/avr8-gnu-toolchain/bin/../lib/gcc/avr/5.4.0/avr5\libgcc.a(_exit.o)
 *(.fini0)
                0x0000237c                _etext = .

.data           0x00800060       0x6a load address 0x0000237c
                0x00800060                PROVIDE (__data_start, .)
 *(.data)
 *(.data*)
 .data.set_count
                0x00800060        0x2 main.o
 *(.gnu.linkonce.d*)
 *(.rodata)
 *(.rodata*)
 .rodata.str1.1
                0x00800062       0x67 main.o
 *(.gnu.linkonce.r*)
                0x008000ca                . = ALIGN (0x2)
 *fill*         0x008000c9        0x1 
                0x008000ca                _edata = .
                0x008000ca                PROVIDE (__data_end, .)

.bss            0x008000ca      0x233
                0x008000ca                PROVIDE (__bss_start, .)
 *(.bss)
 *(.bss*)
 .bss.r_hours_buf
                0x008000ca        0x7 main.o
 .bss.r_hours   0x008000d1        0x2 main.o
 .bss.hours_buf
                0x008000d3        0x7 main.o
 .bss.hours_print
                0x008000da        0x2 main.o
 .bss.r_min_buf
                0x008000dc        0x7 main.o
 .bss.r_min     0x008000e3        0x2 main.o
 .bss.min_buf   0x008000e5        0x7 main.o
 .bss.min_print
                0x008000ec        0x2 main.o
 .bss.r_sec_buf
                0x008000ee        0x7 main.o
 .bss.r_sec     0x008000f5        0x2 main.o
 .bss.sec_buf   0x008000f7        0x7 main.o
 .bss.sec_print
                0x008000fe        0x2 main.o
 .bss.sec_counter
                0x00800100        0x2 main.o
                0x00800100                sec_counter
 .bss.nokia_lcd
                0x00800102      0x1fa nokia5110.o
 *(COMMON)
 COMMON         0x008002fc        0x1 main.o
                0x008002fc                tot_overflow
                0x008002fd                PROVIDE (__bss_end, .)
                0x0000237c                __data_load_start = LOADADDR (.data)
                0x000023e6                __data_load_end = (__data_load_start + SIZEOF (.data))

.noinit         0x008002fd        0x0
                [!provide]                PROVIDE (__noinit_start, .)
 *(.noinit*)
                [!provide]                PROVIDE (__noinit_end, .)
                0x008002fd                _end = .
                [!provide]                PROVIDE (__heap_start, .)

.eeprom         0x00810000        0x0
 *(.eeprom*)
                0x00810000                __eeprom_end = .

.fuse
 *(.fuse)
 *(.lfuse)
 *(.hfuse)
 *(.efuse)

.lock
 *(.lock*)

.signature
 *(.signature*)

.user_signatures
 *(.user_signatures*)

.stab
 *(.stab)

.stabstr
 *(.stabstr)

.stab.excl
 *(.stab.excl)

.stab.exclstr
 *(.stab.exclstr)

.stab.index
 *(.stab.index)

.stab.indexstr
 *(.stab.indexstr)

.comment        0x00000000       0x30
 *(.comment)
 .comment       0x00000000       0x30 main.o
                                 0x31 (size before relaxing)
 .comment       0x00000030       0x31 nokia5110.o

.note.gnu.avr.deviceinfo
                0x00000000       0x3c
 .note.gnu.avr.deviceinfo
                0x00000000       0x3c D:/Programs/ATMEL/7.0/Packs/atmel/ATmega_DFP/1.2.150/gcc/dev/atmega16a/avr5/crtatmega16a.o

.note.gnu.build-id
 *(.note.gnu.build-id)

.debug
 *(.debug)

.line
 *(.line)

.debug_srcinfo
 *(.debug_srcinfo)

.debug_sfnames
 *(.debug_sfnames)

.debug_aranges  0x00000000      0x100
 *(.debug_aranges)
 .debug_aranges
                0x00000000       0x98 main.o
 .debug_aranges
                0x00000098       0x68 nokia5110.o

.debug_pubnames
 *(.debug_pubnames)

.debug_info     0x00000000     0x61ce
 *(.debug_info .gnu.linkonce.wi.*)
 .debug_info    0x00000000      0x52e D:/Programs/ATMEL/7.0/Packs/atmel/ATmega_DFP/1.2.150/gcc/dev/atmega16a/avr5/crtatmega16a.o
 .debug_info    0x0000052e     0x56b6 main.o
 .debug_info    0x00005be4      0x5ea nokia5110.o

.debug_abbrev   0x00000000      0x8df
 *(.debug_abbrev)
 .debug_abbrev  0x00000000      0x4e7 D:/Programs/ATMEL/7.0/Packs/atmel/ATmega_DFP/1.2.150/gcc/dev/atmega16a/avr5/crtatmega16a.o
 .debug_abbrev  0x000004e7      0x212 main.o
 .debug_abbrev  0x000006f9      0x1e6 nokia5110.o

.debug_line     0x00000000     0x19ff
 *(.debug_line .debug_line.* .debug_line_end)
 .debug_line    0x00000000      0x115 D:/Programs/ATMEL/7.0/Packs/atmel/ATmega_DFP/1.2.150/gcc/dev/atmega16a/avr5/crtatmega16a.o
 .debug_line    0x00000115     0x1531 main.o
 .debug_line    0x00001646      0x3b9 nokia5110.o

.debug_frame    0x00000000      0x26c
 *(.debug_frame)
 .debug_frame   0x00000000      0x13c main.o
 .debug_frame   0x0000013c      0x130 nokia5110.o

.debug_str      0x00000000      0x5a7
 *(.debug_str)
 .debug_str     0x00000000      0x1af D:/Programs/ATMEL/7.0/Packs/atmel/ATmega_DFP/1.2.150/gcc/dev/atmega16a/avr5/crtatmega16a.o
 .debug_str     0x000001af      0x346 main.o
                                0x394 (size before relaxing)
 .debug_str     0x000004f5       0xb2 nokia5110.o
                                0x2da (size before relaxing)

.debug_loc      0x00000000      0x83d
 *(.debug_loc)
 .debug_loc     0x00000000      0x2e4 main.o
 .debug_loc     0x000002e4      0x559 nokia5110.o

.debug_macinfo
 *(.debug_macinfo)

.debug_weaknames
 *(.debug_weaknames)

.debug_funcnames
 *(.debug_funcnames)

.debug_typenames
 *(.debug_typenames)

.debug_varnames
 *(.debug_varnames)

.debug_pubtypes
 *(.debug_pubtypes)

.debug_ranges   0x00000000      0x100
 *(.debug_ranges)
 .debug_ranges  0x00000000       0x88 main.o
 .debug_ranges  0x00000088       0x78 nokia5110.o

.debug_macro
 *(.debug_macro)
OUTPUT(test_lcd.elf elf32-avr)
LOAD linker stubs
